// Jest Snapshot v1, https://jestjs.io/docs/snapshot-testing

exports[`Snapshot test 1`] = `
{
  "Parameters": {
    "BootstrapVersion": {
      "Default": "/cdk-bootstrap/hnb659fds/version",
      "Description": "Version of the CDK Bootstrap resources in this environment, automatically retrieved from SSM Parameter Store. [cdk:skip]",
      "Type": "AWS::SSM::Parameter::Value<String>",
    },
  },
  "Resources": {
    "LambdaD247545B": {
      "DependsOn": [
        "LambdaServiceRoleA8ED4D3B",
      ],
      "Properties": {
        "Architectures": [
          "arm64",
        ],
        "Code": {
          "S3Bucket": {
            "Fn::Sub": "cdk-hnb659fds-assets-\${AWS::AccountId}-\${AWS::Region}",
          },
          "S3Key": "5c730d23bf6eb83d48b3ada65078c477a9dbdf7af4233de830d9e4874c0e10ad.zip",
        },
        "Environment": {
          "Variables": {
            "DISCORD_WEBHOOK_ID": "dummy_discord_webhook_id",
            "DISCORD_WEBHOOK_TOKEN": "dummy_discord_webhook_token",
            "NOTION_API_KEY": "dummy_notion_api_key",
            "NOTION_DATABASE_ID": "dummy_notion_database_id",
            "STEAM_USER_ID": "dummy_steam_user_id",
          },
        },
        "FunctionName": "steam-game-prices-notifier-lambda",
        "Handler": "bootstrap",
        "LoggingConfig": {
          "LogFormat": "JSON",
          "LogGroup": {
            "Ref": "LogGroupF5B46931",
          },
        },
        "Role": {
          "Fn::GetAtt": [
            "LambdaServiceRoleA8ED4D3B",
            "Arn",
          ],
        },
        "Runtime": "provided.al2023",
        "Timeout": 120,
      },
      "Type": "AWS::Lambda::Function",
    },
    "LambdaServiceRoleA8ED4D3B": {
      "Properties": {
        "AssumeRolePolicyDocument": {
          "Statement": [
            {
              "Action": "sts:AssumeRole",
              "Effect": "Allow",
              "Principal": {
                "Service": "lambda.amazonaws.com",
              },
            },
          ],
          "Version": "2012-10-17",
        },
        "ManagedPolicyArns": [
          {
            "Fn::Join": [
              "",
              [
                "arn:",
                {
                  "Ref": "AWS::Partition",
                },
                ":iam::aws:policy/service-role/AWSLambdaBasicExecutionRole",
              ],
            ],
          },
        ],
      },
      "Type": "AWS::IAM::Role",
    },
    "LogGroupF5B46931": {
      "DeletionPolicy": "Delete",
      "Properties": {
        "LogGroupName": "steam-game-prices-notifier-log-group",
        "RetentionInDays": 7,
      },
      "Type": "AWS::Logs::LogGroup",
      "UpdateReplacePolicy": "Delete",
    },
    "OIDCProviderA3376E13": {
      "Properties": {
        "ClientIdList": [
          "sts.amazonaws.com",
        ],
        "Url": "https://token.actions.githubusercontent.com",
      },
      "Type": "AWS::IAM::OIDCProvider",
    },
    "Role1ABCC5F0": {
      "Properties": {
        "AssumeRolePolicyDocument": {
          "Statement": [
            {
              "Action": "sts:AssumeRoleWithWebIdentity",
              "Condition": {
                "StringEquals": {
                  "token.actions.githubusercontent.com:aud": "sts.amazonaws.com",
                },
                "StringLike": {
                  "token.actions.githubusercontent.com:sub": "repo:TsubasaBneAus/steam_game_prices_notifier:*",
                },
              },
              "Effect": "Allow",
              "Principal": {
                "Federated": {
                  "Ref": "OIDCProviderA3376E13",
                },
              },
            },
          ],
          "Version": "2012-10-17",
        },
        "RoleName": "steam-game-prices-notifier-github-actions-role",
      },
      "Type": "AWS::IAM::Role",
    },
    "RoleDefaultPolicy5FFB7DAB": {
      "Properties": {
        "PolicyDocument": {
          "Statement": [
            {
              "Action": "lambda:UpdateFunctionCode",
              "Effect": "Allow",
              "Resource": {
                "Fn::GetAtt": [
                  "LambdaD247545B",
                  "Arn",
                ],
              },
            },
          ],
          "Version": "2012-10-17",
        },
        "PolicyName": "RoleDefaultPolicy5FFB7DAB",
        "Roles": [
          {
            "Ref": "Role1ABCC5F0",
          },
        ],
      },
      "Type": "AWS::IAM::Policy",
    },
    "Rule4C995B7F": {
      "Properties": {
        "Name": "steam-game-prices-notifier-rule",
        "ScheduleExpression": "cron(0 9 * * ? *)",
        "State": "ENABLED",
        "Targets": [
          {
            "Arn": {
              "Fn::GetAtt": [
                "LambdaD247545B",
                "Arn",
              ],
            },
            "Id": "Target0",
          },
        ],
      },
      "Type": "AWS::Events::Rule",
    },
    "RuleAllowEventRuleNotifierStackLambdaBD511012C866015B": {
      "Properties": {
        "Action": "lambda:InvokeFunction",
        "FunctionName": {
          "Fn::GetAtt": [
            "LambdaD247545B",
            "Arn",
          ],
        },
        "Principal": "events.amazonaws.com",
        "SourceArn": {
          "Fn::GetAtt": [
            "Rule4C995B7F",
            "Arn",
          ],
        },
      },
      "Type": "AWS::Lambda::Permission",
    },
  },
  "Rules": {
    "CheckBootstrapVersion": {
      "Assertions": [
        {
          "Assert": {
            "Fn::Not": [
              {
                "Fn::Contains": [
                  [
                    "1",
                    "2",
                    "3",
                    "4",
                    "5",
                  ],
                  {
                    "Ref": "BootstrapVersion",
                  },
                ],
              },
            ],
          },
          "AssertDescription": "CDK bootstrap stack version 6 required. Please run 'cdk bootstrap' with a recent version of the CDK CLI.",
        },
      ],
    },
  },
}
`;
